I'm sorry, but errors were detected in your script. Please correct the
errors listed below, and try again.


File "game/scenes/blue_scenes.rpy", line 249: Indentation mismatch.

Ren'Py Version: Ren'Py 8.3.2.24090902
Mon Dec 23 17:39:35 2024
